[<div class="wiki-body gollum-markdown-content instapaper_body" id="wiki-body">
        <div class="markdown-body">
          <p>##Usage</p>
<p>Install Ruby, RubyGems and bundler (e.g. gem install bundler) then:</p>
<pre><code>$ git clone git@github.com:sekine126/crawler.git

$ cd crawler

$ bundle install --path vendor/bundle

$ sudo apt-get install libmysqld-dev // if mysql2 install error
</code></pre>
<p>Add to <code>config_crawler_#{your_file_id}.yml</code> in <code>config/</code> directory<br/>
(refer to <code>config_crawler_sample.yml.sample</code>)</p>
<p>To apply migration:</p>
<pre><code>$ bundle exec rake id=#{your_file_id} db_set

$ bundle exec rake DATABASE=#{your_file_id} db:create

$ bundle exec rake DATABASE=#{your_file_id} db:migrate
</code></pre>
<p>Add to <code>start_urls_#{your_file_id}.txt</code> in <code>src/config/</code> directory<br/>
(refer to <code>start_urls_sample.txt.sample</code>)</p>
<p>Add to <code>repeat_urls_#{your_file_id}.txt</code> in <code>src/config/</code> directory<br/>
(refer to <code>repeat_urls_sample.txt.sample</code>)</p>
<p>Crawler start:</p>
<pre><code>$ bundle exec ruby src/crawler.rb #{your_file_id}
</code></pre>

        </div>

    </div>]