[<div class="wiki-body gollum-markdown-content instapaper_body" id="wiki-body">
        <div class="markdown-body">
          <h2>
<a aria-hidden="true" class="anchor" href="#nginx" id="user-content-nginx"><svg aria-hidden="true" class="octicon octicon-link" height="16" version="1.1" viewBox="0 0 16 16" width="16"><path d="M4 9h1v1H4c-1.5 0-3-1.69-3-3.5S2.55 3 4 3h4c1.45 0 3 1.69 3 3.5 0 1.41-.91 2.72-2 3.25V8.59c.58-.45 1-1.27 1-2.09C10 5.22 8.98 4 8 4H4c-.98 0-2 1.22-2 2.5S3 9 4 9zm9-3h-1v1h1c1 0 2 1.22 2 2.5S13.98 12 13 12H9c-.98 0-2-1.22-2-2.5 0-.83.42-1.64 1-2.09V6.25c-1.09.53-2 1.84-2 3.25C6 11.31 7.55 13 9 13h4c1.45 0 3-1.69 3-3.5S14.5 6 13 6z" fill-rule="evenodd"></path></svg></a>Nginx</h2>
<p>Install a web server</p>
<pre><code>$ sudo apt-get install nginx 
$ sudo service nginx start
$ curl localhost
</code></pre>
<h2>
<a aria-hidden="true" class="anchor" href="#secure-data-directory" id="user-content-secure-data-directory"><svg aria-hidden="true" class="octicon octicon-link" height="16" version="1.1" viewBox="0 0 16 16" width="16"><path d="M4 9h1v1H4c-1.5 0-3-1.69-3-3.5S2.55 3 4 3h4c1.45 0 3 1.69 3 3.5 0 1.41-.91 2.72-2 3.25V8.59c.58-.45 1-1.27 1-2.09C10 5.22 8.98 4 8 4H4c-.98 0-2 1.22-2 2.5S3 9 4 9zm9-3h-1v1h1c1 0 2 1.22 2 2.5S13.98 12 13 12H9c-.98 0-2-1.22-2-2.5 0-.83.42-1.64 1-2.09V6.25c-1.09.53-2 1.84-2 3.25C6 11.31 7.55 13 9 13h4c1.45 0 3-1.69 3-3.5S14.5 6 13 6z" fill-rule="evenodd"></path></svg></a>Secure Data Directory</h2>
<pre><code>$ cd /usr/share/nginx
$ sudo chown -Rf vagrant:www-data html
$ sudo chmod -Rf 755 html
</code></pre>
<h2>
<a aria-hidden="true" class="anchor" href="#change-host-file" id="user-content-change-host-file"><svg aria-hidden="true" class="octicon octicon-link" height="16" version="1.1" viewBox="0 0 16 16" width="16"><path d="M4 9h1v1H4c-1.5 0-3-1.69-3-3.5S2.55 3 4 3h4c1.45 0 3 1.69 3 3.5 0 1.41-.91 2.72-2 3.25V8.59c.58-.45 1-1.27 1-2.09C10 5.22 8.98 4 8 4H4c-.98 0-2 1.22-2 2.5S3 9 4 9zm9-3h-1v1h1c1 0 2 1.22 2 2.5S13.98 12 13 12H9c-.98 0-2-1.22-2-2.5 0-.83.42-1.64 1-2.09V6.25c-1.09.53-2 1.84-2 3.25C6 11.31 7.55 13 9 13h4c1.45 0 3-1.69 3-3.5S14.5 6 13 6z" fill-rule="evenodd"></path></svg></a>Change Host File</h2>
<pre><code>$ sudo vim /etc/hosts

88.88.88.88 sandbox.dev
</code></pre>
<h2>
<a aria-hidden="true" class="anchor" href="#nginxconf" id="user-content-nginxconf"><svg aria-hidden="true" class="octicon octicon-link" height="16" version="1.1" viewBox="0 0 16 16" width="16"><path d="M4 9h1v1H4c-1.5 0-3-1.69-3-3.5S2.55 3 4 3h4c1.45 0 3 1.69 3 3.5 0 1.41-.91 2.72-2 3.25V8.59c.58-.45 1-1.27 1-2.09C10 5.22 8.98 4 8 4H4c-.98 0-2 1.22-2 2.5S3 9 4 9zm9-3h-1v1h1c1 0 2 1.22 2 2.5S13.98 12 13 12H9c-.98 0-2-1.22-2-2.5 0-.83.42-1.64 1-2.09V6.25c-1.09.53-2 1.84-2 3.25C6 11.31 7.55 13 9 13h4c1.45 0 3-1.69 3-3.5S14.5 6 13 6z" fill-rule="evenodd"></path></svg></a>Nginx.conf</h2>
<pre><code>$ sudo vim /etc/nginx/nginx.conf

// removes caching
sendfile off; 

client_max_body_size 50M;

access_log /tmp/nginx_access.log;
error_log /tmp/nginx_error.log;
</code></pre>
<h2>
<a aria-hidden="true" class="anchor" href="#configure" id="user-content-configure"><svg aria-hidden="true" class="octicon octicon-link" height="16" version="1.1" viewBox="0 0 16 16" width="16"><path d="M4 9h1v1H4c-1.5 0-3-1.69-3-3.5S2.55 3 4 3h4c1.45 0 3 1.69 3 3.5 0 1.41-.91 2.72-2 3.25V8.59c.58-.45 1-1.27 1-2.09C10 5.22 8.98 4 8 4H4c-.98 0-2 1.22-2 2.5S3 9 4 9zm9-3h-1v1h1c1 0 2 1.22 2 2.5S13.98 12 13 12H9c-.98 0-2-1.22-2-2.5 0-.83.42-1.64 1-2.09V6.25c-1.09.53-2 1.84-2 3.25C6 11.31 7.55 13 9 13h4c1.45 0 3-1.69 3-3.5S14.5 6 13 6z" fill-rule="evenodd"></path></svg></a>Configure</h2>
<p>Remove existing configuration</p>
<pre><code>$ cd /etc/nginx/sites-enabled/
$ sudo rm default
$ sudo touch sandbox.dev

$ sudo vim /etc/nginx/sites-enabled/sandbox.dev
</code></pre>
<div class="highlight highlight-source-nginx"><pre><span class="pl-k">server</span> {
        <span class="pl-k">listen</span>   <span class="pl-s">80</span>;         

        <span class="pl-k">root</span> /usr/share/nginx/html;
        <span class="pl-k">index</span> index.php index.html index.htm;

        <span class="pl-k">server_name</span> sandbox.dev;

        <span class="pl-k">location</span> <span class="pl-en">/ </span>{
                <span class="pl-k">try_files</span> <span class="pl-smi">$uri</span> <span class="pl-smi">$uri</span>/ /index.php;
                <span class="pl-k">autoindex</span><span class="pl-c1"> on</span>;
        }

        <span class="pl-k">error_page</span> <span class="pl-s">404</span> /404.html;

        <span class="pl-k">error_page</span> <span class="pl-s">500</span> <span class="pl-s">502</span> <span class="pl-s">503</span> <span class="pl-s">504</span> /50x.html;
        <span class="pl-k">location</span> <span class="pl-en">= /50x.html </span>{
              <span class="pl-k">root</span> /usr/share/nginx/html;
        }

        <span class="pl-c"># pass the PHP scripts to FastCGI server listening on the php-fpm socket</span>
        <span class="pl-k">location</span> ~ <span class="pl-sr">\.php$ </span>{
                <span class="pl-k">try_files</span> <span class="pl-smi">$uri</span> <span class="pl-c1">=404</span>;
                <span class="pl-k">fastcgi_pass</span> unix:/var/run/php5-fpm.sock;
                <span class="pl-k">fastcgi_index</span> index.php;
                <span class="pl-k">fastcgi_param</span> SCRIPT_FILENAME <span class="pl-smi">$document_root$fastcgi_script_name</span>;
                <span class="pl-k">include</span> fastcgi_params;
                
        }

        <span class="pl-c"># This location block is used to view PHP-FPM stats</span>
        <span class="pl-c"># TODO: Find a way to make this work.</span>
        <span class="pl-k">location</span> ~ <span class="pl-sr">^/(php_status|php_ping)$ </span>{
                <span class="pl-k">fastcgi_pass</span> unix:/var/run/php5-fpm.sock;
                <span class="pl-k">fastcgi_param</span> SCRIPT_FILENAME <span class="pl-smi">$fastcgi_script_name</span>;
                <span class="pl-k">include</span> fastcgi_params;
                <span class="pl-k">allow</span> <span class="pl-s">127.0.0.1</span>;
                <span class="pl-k">deny</span><span class="pl-c1"> all</span>;
        }

        <span class="pl-c"># This location block is used to view nginx stats</span>
        <span class="pl-k">location</span> <span class="pl-en">/nginx_status </span>{ 
                <span class="pl-k">stub_status</span> on;
                <span class="pl-k">access_log</span><span class="pl-c1"> off</span>;
                <span class="pl-k">allow</span> <span class="pl-s">127.0.0.1</span>;
                <span class="pl-k">deny</span><span class="pl-c1"> all</span>;
        }

}</pre></div>
<p>Restart nginx</p>
<pre><code>$ sudo service nginx restart

$ sudo curl 127.0.0.1/nginx_status
$ sudo curl 127.0.0.1/php_status 
</code></pre>
<h2>
<a aria-hidden="true" class="anchor" href="#vhost-example" id="user-content-vhost-example"><svg aria-hidden="true" class="octicon octicon-link" height="16" version="1.1" viewBox="0 0 16 16" width="16"><path d="M4 9h1v1H4c-1.5 0-3-1.69-3-3.5S2.55 3 4 3h4c1.45 0 3 1.69 3 3.5 0 1.41-.91 2.72-2 3.25V8.59c.58-.45 1-1.27 1-2.09C10 5.22 8.98 4 8 4H4c-.98 0-2 1.22-2 2.5S3 9 4 9zm9-3h-1v1h1c1 0 2 1.22 2 2.5S13.98 12 13 12H9c-.98 0-2-1.22-2-2.5 0-.83.42-1.64 1-2.09V6.25c-1.09.53-2 1.84-2 3.25C6 11.31 7.55 13 9 13h4c1.45 0 3-1.69 3-3.5S14.5 6 13 6z" fill-rule="evenodd"></path></svg></a>Vhost Example</h2>
<pre><code>$ sudo vim /etc/nginx/sites-enabled/groovey.dev
</code></pre>
<div class="highlight highlight-source-nginx"><pre><span class="pl-k">server</span> {
    <span class="pl-k">listen</span>   <span class="pl-s">80</span>;

    <span class="pl-k">root</span> /usr/share/nginx/html/Groovey/public;
    <span class="pl-k">index</span> index.php index.html index.php;

    <span class="pl-k">server_name</span> groovey.dev;

    <span class="pl-k">location</span> <span class="pl-en">/ </span>{
            <span class="pl-k">try_files</span> <span class="pl-smi">$uri</span> <span class="pl-smi">$uri</span>/ /index.php;
            <span class="pl-c">#autoindex on;</span>
    }

    <span class="pl-k">error_page</span> <span class="pl-s">404</span> /404.html;

    <span class="pl-k">error_page</span> <span class="pl-s">500</span> <span class="pl-s">502</span> <span class="pl-s">503</span> <span class="pl-s">504</span> /50x.html;
    <span class="pl-k">location</span> <span class="pl-en">= /50x.html </span>{
          <span class="pl-k">root</span> /usr/share/nginx/html;
    }

    <span class="pl-k">location</span> ~ <span class="pl-sr">\.php$ </span>{
            <span class="pl-k">try_files</span> <span class="pl-smi">$uri</span> <span class="pl-c1">=404</span>;
            <span class="pl-k">fastcgi_pass</span> unix:/var/run/php5-fpm.sock;
            <span class="pl-k">fastcgi_index</span> index.php;
            <span class="pl-k">fastcgi_param</span> SCRIPT_FILENAME <span class="pl-smi">$document_root$fastcgi_script_name</span>;
            <span class="pl-k">include</span> fastcgi_params;

    }

}</pre></div>

        </div>

        <div class="wiki-footer gollum-markdown-content boxed-group" id="wiki-footer">
          <div class="boxed-group-inner wiki-auxiliary-content markdown-body">
            <p>Author: Harold Kim Cantil</p>

          </div>
        </div>
    </div>]